// Jest Snapshot v1, https://goo.gl/fbAQLP

exports[`<PopupRoute /> should render correctly 1`] = `
<Popup
  closeButton={false}
  darkOverlay={false}
>
  <MockComponent />
</Popup>
`;
