// Jest Snapshot v1, https://goo.gl/fbAQLP

exports[`<NavButton /> should render properly, with props like color and to 1`] = `
<li
  className="nav-button-wrapper"
>
  <ModalLink
    className="nav-button blue"
    to="MockModal"
  >
    Example Text
  </ModalLink>
</li>
`;
