// Jest Snapshot v1, https://goo.gl/fbAQLP

exports[`<Form /> should render correctly Form 1`] = `
<form
  id="mockId"
>
  <input />
</form>
`;
