// Jest Snapshot v1, https://goo.gl/fbAQLP

exports[`<ModalLink /> should render correctly 1`] = `
<button
  className="FakeCssClass_2 "
  data-to="FakeModal"
>
  Example text
</button>
`;
